exports[`Vainglory.matches .collection should get a collection of matches 1`] = `"https://api.dc01.gamelockerapp.com/shards/na/matches?offset=0&limit=50&sort=createdAt&started=3hrs%20ago&ended=Now"`;

exports[`Vainglory.matches .single should get a single match 1`] = `"https://api.dc01.gamelockerapp.com/shards/na/matches?offset=0&limit=50&sort=createdAt&started=3hrs%20ago&ended=Nowmatches/0123b560-d74c-11e6-b845-0671096b3e30"`;
